[platform-check] guarded test DB; app localhost:3220; storage loopback:55620; email/OAuth disabled

 RUN  v4.1.7 /private/tmp/consilium-final-integration

stderr | tests/integration/scheduled-publication.test.ts > scheduled publication uses current state and preserves managed cleanup > rolls back trash expiry when cleanup eligibility cannot be recorded
[scheduledPublishing] Purged 1 article(s) from trash (>30 days old)

 ❯ tests/integration/scheduled-publication.test.ts (4 tests | 1 failed) 133ms
     × rolls back trash expiry when cleanup eligibility cannot be recorded 11ms

⎯⎯⎯⎯⎯⎯⎯ Failed Tests 1 ⎯⎯⎯⎯⎯⎯⎯

 FAIL  tests/integration/scheduled-publication.test.ts > scheduled publication uses current state and preserves managed cleanup > rolls back trash expiry when cleanup eligibility cannot be recorded
AssertionError: expected null not to be null
 ❯ tests/integration/scheduled-publication.test.ts:70:76
     68|     vi.spyOn(prisma.articleImageAsset, 'updateMany').mockRejectedValue…
     69|     await publishScheduledArticles()
     70|     expect(await prisma.article.findUnique({ where: { id: row.id } }))…
       |                                                                            ^
     71|     expect((await prisma.articleImageAsset.findUniqueOrThrow({ where: …
     72|   })

⎯⎯⎯⎯⎯⎯⎯⎯⎯⎯⎯⎯⎯⎯⎯⎯⎯⎯⎯⎯⎯⎯⎯⎯[1/1]⎯


 Test Files  1 failed | 3 passed (4)
      Tests  1 failed | 28 passed (29)
   Start at  21:21:02
   Duration  1.49s (transform 62ms, setup 36ms, import 240ms, tests 852ms, environment 0ms)
