[platform-check] guarded test DB; app localhost:3220; storage loopback:55620; email/OAuth disabled

Running 5 tests using 1 worker

(node:63832) Warning: The 'NO_COLOR' env is ignored due to the 'FORCE_COLOR' env being set.
(Use `node --trace-warnings ...` to show where the warning was created)
(node:63832) Warning: The 'NO_COLOR' env is ignored due to the 'FORCE_COLOR' env being set.
(Use `node --trace-warnings ...` to show where the warning was created)
  ✓  1 [setup] › tests/e2e/auth.setup.ts:13:6 › authenticate as admin (644ms)
  ✓  2 [setup] › tests/e2e/auth.setup.ts:50:6 › authenticate as an editor with no category assignments (398ms)
  ✓  3 [setup] › tests/e2e/auth.setup.ts:54:6 › authenticate as an editor scoped to Opinion (362ms)
  ✓  4 [setup] › tests/e2e/auth.setup.ts:62:6 › authenticate as the seeded writer (365ms)
(node:63863) Warning: The 'NO_COLOR' env is ignored due to the 'FORCE_COLOR' env being set.
(Use `node --trace-warnings ...` to show where the warning was created)
(node:63863) Warning: The 'NO_COLOR' env is ignored due to the 'FORCE_COLOR' env being set.
(Use `node --trace-warnings ...` to show where the warning was created)
  ✘  5 [upgrade] › tests/e2e/upgrade-final-integration.spec.ts:7:5 › concurrent editorial approvals commit one transition and one notification (239ms)


  1) [upgrade] › tests/e2e/upgrade-final-integration.spec.ts:7:5 › concurrent editorial approvals commit one transition and one notification

    Error: [200,200,200,200,200,200,200,409]

    expect(received).toHaveLength(expected)

    Expected length: 1
    Received length: 7
    Received array:  [200, 200, 200, 200, 200, 200, 200]

      22 |       editor.request.patch(`/api/editorial/articles/${id}/review`, { data: { action: 'approve' } })))
      23 |     const statuses = responses.map(response => response.status())
    > 24 |     expect(statuses.filter(status => status === 200), JSON.stringify(statuses)).toHaveLength(1)
         |                                                                                 ^
      25 |     expect(statuses.filter(status => status === 409)).toHaveLength(7)
      26 |     expect(await db.notification.count({ where: { articleId: id, type: 'approve' } })).toBe(1)
      27 |     expect((await db.article.findUniqueOrThrow({ where: { id } })).status).toBe('PUBLISHED')
        at /private/tmp/consilium-final-integration/tests/e2e/upgrade-final-integration.spec.ts:24:81

    Error Context: test-results/upgrade-final-integration--4d72b-sition-and-one-notification-upgrade/error-context.md

  1 failed
    [upgrade] › tests/e2e/upgrade-final-integration.spec.ts:7:5 › concurrent editorial approvals commit one transition and one notification
  4 passed (3.2s)
