[platform-check] guarded test DB; app localhost:3220; storage loopback:55620; email/OAuth disabled

Running 8 tests using 1 worker

(node:93284) Warning: The 'NO_COLOR' env is ignored due to the 'FORCE_COLOR' env being set.
(Use `node --trace-warnings ...` to show where the warning was created)
(node:93284) Warning: The 'NO_COLOR' env is ignored due to the 'FORCE_COLOR' env being set.
(Use `node --trace-warnings ...` to show where the warning was created)
  ✓  1 [setup] › tests/e2e/auth.setup.ts:13:6 › authenticate as admin (795ms)
  ✓  2 [setup] › tests/e2e/auth.setup.ts:50:6 › authenticate as an editor with no category assignments (353ms)
  ✓  3 [setup] › tests/e2e/auth.setup.ts:54:6 › authenticate as an editor scoped to Opinion (360ms)
  ✓  4 [setup] › tests/e2e/auth.setup.ts:62:6 › authenticate as the seeded writer (345ms)
(node:93304) Warning: The 'NO_COLOR' env is ignored due to the 'FORCE_COLOR' env being set.
(Use `node --trace-warnings ...` to show where the warning was created)
(node:93304) Warning: The 'NO_COLOR' env is ignored due to the 'FORCE_COLOR' env being set.
(Use `node --trace-warnings ...` to show where the warning was created)
  ✘  5 [upgrade] › tests/e2e/upgrade-rich-content.spec.ts:48:5 › writer paste/table/figure → repeated save/reload → editor review/edit/schedule/publish → public → replace/delete/republish (3.2s)
(node:93323) Warning: The 'NO_COLOR' env is ignored due to the 'FORCE_COLOR' env being set.
(Use `node --trace-warnings ...` to show where the warning was created)
(node:93323) Warning: The 'NO_COLOR' env is ignored due to the 'FORCE_COLOR' env being set.
(Use `node --trace-warnings ...` to show where the warning was created)
  ✓  6 [upgrade] › tests/e2e/upgrade-rich-content.spec.ts:278:5 › every exposed formatting control operates, including keyboard buttons and table deletion (3.9s)
  ✓  7 [upgrade] › tests/e2e/upgrade-rich-content.spec.ts:409:5 › wide tables and standard/wide/portrait figures remain contained in editor and public layouts (1.4s)
  ✓  8 [upgrade] › tests/e2e/upgrade-rich-content.spec.ts:539:5 › plain-text paste and cancelled upload preserve document and allow retry (745ms)


  1) [upgrade] › tests/e2e/upgrade-rich-content.spec.ts:48:5 › writer paste/table/figure → repeated save/reload → editor review/edit/schedule/publish → public → replace/delete/republish

    Error: expect(locator).toHaveValue(expected) failed

    Locator: getByLabel(/^Publish At/)
    Expected: "2099-01-01T12:00"
    Error: strict mode violation: getByLabel(/^Publish At/) resolved to 2 elements:
        1) <input id="_r_5_" type="datetime-local" min="2026-10-06T22:32" value="2099-01-01T12:00" class="w-full h-8 text-[16px] sm:text-[12px] border border-[var(--border)] rounded px-2 bg-[var(--bg-elevated)] focus:outline-none focus:border-gold cursor-pointer"/> aka getByRole('textbox', { name: 'Publish At (UK time (Europe/' })
        2) <input type="datetime-local" min="2026-10-06T22:32" value="2099-01-01T12:00" id="_R_ajav5ubsnqbsnklb_" class="w-full h-8 text-[16px] sm:text-[12px] border border-[var(--border)] rounded px-2 bg-[var(--bg-elevated)] focus:outline-none focus:border-gold cursor-pointer"/> aka locator('[id="_R_ajav5ubsnqbsnklb_"]')

    Call log:
      - Expect "toHaveValue" with timeout 10000ms
      - waiting for getByLabel(/^Publish At/)


      197 |     await editor.reload()
      198 |     await expect(editor.getByRole('combobox', { name: 'Status', exact: true })).toHaveValue('SCHEDULED')
    > 199 |     await expect(editor.getByLabel(/^Publish At/)).toHaveValue('2099-01-01T12:00')
          |                                                    ^
      200 |     await editor.getByRole('combobox', { name: 'Status', exact: true }).selectOption('DRAFT')
      201 |     const publishResponse = editor.waitForResponse(response => response.url().includes(`/api/articles/${id}`) && response.request().method() === 'PUT' && response.ok())
      202 |     await editor.getByRole('button', { name: 'Publish', exact: true }).click()
        at /private/tmp/consilium-final-integration/tests/e2e/upgrade-rich-content.spec.ts:199:52

    attachment #1: screenshot (image/png) ──────────────────────────────────────────────────────────
    test-results/upgrade-rich-content-write-5664f--→-replace-delete-republish-upgrade/test-failed-1.png
    ────────────────────────────────────────────────────────────────────────────────────────────────

    attachment #2: screenshot (image/png) ──────────────────────────────────────────────────────────
    test-results/upgrade-rich-content-write-5664f--→-replace-delete-republish-upgrade/test-failed-2.png
    ────────────────────────────────────────────────────────────────────────────────────────────────

    attachment #3: screenshot (image/png) ──────────────────────────────────────────────────────────
    test-results/upgrade-rich-content-write-5664f--→-replace-delete-republish-upgrade/test-failed-3.png
    ────────────────────────────────────────────────────────────────────────────────────────────────

    Error Context: test-results/upgrade-rich-content-write-5664f--→-replace-delete-republish-upgrade/error-context.md

  1 failed
    [upgrade] › tests/e2e/upgrade-rich-content.spec.ts:48:5 › writer paste/table/figure → repeated save/reload → editor review/edit/schedule/publish → public → replace/delete/republish
  7 passed (12.5s)
