[platform-check] guarded test DB; app localhost:3197; storage loopback:55491; email/OAuth disabled

Running 101 tests using 1 worker

  ✓    1 [setup] › tests/e2e/auth.setup.ts:13:6 › authenticate as admin (609ms)
  ✓    2 [setup] › tests/e2e/auth.setup.ts:50:6 › authenticate as an editor with no category assignments (371ms)
  ✓    3 [setup] › tests/e2e/auth.setup.ts:54:6 › authenticate as an editor scoped to Opinion (361ms)
  ✓    4 [setup] › tests/e2e/auth.setup.ts:62:6 › authenticate as the seeded writer (362ms)
  ✓    5 [team-profile] › tests/e2e/team-profile-lifecycle.spec.ts:109:7 › new account → admin grants WRITER → creates a profile in writers (3.6s)
  ✓    6 [team-profile] › tests/e2e/team-profile-lifecycle.spec.ts:109:7 › new account → admin grants EDITOR → creates a profile in editorial (3.6s)
  ✓    7 [team-profile] › tests/e2e/team-profile-lifecycle.spec.ts:109:7 › new account → admin grants GROWTH → creates a profile in growth (3.6s)
[session] JWT role right after the grant: READER; converged to WRITER after 60s without signing in again
(node:71453) Warning: The 'NO_COLOR' env is ignored due to the 'FORCE_COLOR' env being set.
(Use `node --trace-warnings ...` to show where the warning was created)
  ✓    8 [team-profile] › tests/e2e/team-profile-lifecycle.spec.ts:189:5 › session: server checks see a promotion immediately; the cached JWT role catches up within a minute, with no re-login (1.0m)
  ✓    9 [team-profile] › tests/e2e/team-profile-lifecycle.spec.ts:224:5 › one account, one card: Writer → Editor → Growth → Reader → Writer → Admin → Editor (8.3s)
  ✓   10 [team-profile] › tests/e2e/team-profile.spec.ts:61:9 › access by role › writer sees Team Profile in the portal sidebar and can open it (355ms)
  ✓   11 [team-profile] › tests/e2e/team-profile.spec.ts:61:9 › access by role › editor sees Team Profile in the portal sidebar and can open it (367ms)
  ✓   12 [team-profile] › tests/e2e/team-profile.spec.ts:61:9 › access by role › growth sees Team Profile in the portal sidebar and can open it (375ms)
  ✓   13 [team-profile] › tests/e2e/team-profile.spec.ts:72:7 › access by role › admin has no Team Profile link and gets an explanation, not a form (347ms)
  ✓   14 [team-profile] › tests/e2e/team-profile.spec.ts:81:7 › access by role › a reader cannot enter the portal at all (308ms)
  ✓   15 [team-profile] › tests/e2e/team-profile.spec.ts:91:7 › access by role › an account with no name is asked to set one first (317ms)
  ✓   16 [team-profile] › tests/e2e/team-profile.spec.ts:113:7 › writer: create then edit › create state: name and team are shown as read-only text, with no team picker (63ms)
  ✓   17 [team-profile] › tests/e2e/team-profile.spec.ts:129:7 › writer: create then edit › the description counter tracks input and the field stops at the limit (21ms)
  ✓   18 [team-profile] › tests/e2e/team-profile.spec.ts:140:7 › writer: create then edit › photo validation: an oversize file is refused in the browser, with a clear message (257ms)
  ✓   19 [team-profile] › tests/e2e/team-profile.spec.ts:150:7 › writer: create then edit › photo validation: a non-image with an image name is refused by the server (68ms)
  ✓   20 [team-profile] › tests/e2e/team-profile.spec.ts:159:7 › writer: create then edit › selecting a photo previews it, and Remove clears the selection (34ms)
  ✓   21 [team-profile] › tests/e2e/team-profile.spec.ts:168:7 › writer: create then edit › saving locks the form, a double-click sends ONE request, and one card exists (2.1s)
  ✓   22 [team-profile] › tests/e2e/team-profile.spec.ts:198:7 › writer: create then edit › after a refresh the persisted profile is shown in the edit state (70ms)
  ✓   23 [team-profile] › tests/e2e/team-profile.spec.ts:209:7 › writer: create then edit › editing the description updates the same row (72ms)
  ✓   24 [team-profile] › tests/e2e/team-profile.spec.ts:221:7 › writer: create then edit › replacing the photo stores the new file and deletes the old one (107ms)
  ✓   25 [team-profile] › tests/e2e/team-profile.spec.ts:233:7 › writer: create then edit › the public page shows them once, under Writers, with a rendered photo (228ms)
  ✓   26 [team-profile] › tests/e2e/team-profile.spec.ts:250:7 › writer: create then edit › removing the photo clears it everywhere and the card falls back to initials (361ms)
  ✓   27 [team-profile] › tests/e2e/team-profile.spec.ts:272:7 › writer: create then edit › no console errors or page exceptions occurred during the whole flow (0ms)
  ✓   28 [team-profile] › tests/e2e/team-profile.spec.ts:285:7 › other teams › two tabs creating at the same moment still produce exactly one card (578ms)
  ✓   29 [team-profile] › tests/e2e/team-profile.spec.ts:304:7 › other teams › growth creates a card that appears in Growth & Communications (448ms)
  ✓   30 [team-profile] › tests/e2e/team-profile.spec.ts:320:7 › existing members › a legacy card with no email is NOT duplicated: the member is told to ask an admin (343ms)
  ✓   31 [team-profile] › tests/e2e/team-profile.spec.ts:335:7 › existing members › a card carrying the member’s email opens in the edit state, prefilled, and saving adopts it (399ms)
  ✓   32 [team-profile] › tests/e2e/team-profile.spec.ts:350:7 › existing members › an already-linked member starts in the edit state (351ms)
  ✓   33 [team-profile] › tests/e2e/team-profile.spec.ts:363:7 › admin: Linked account control › offers only Writer, Editor and Growth accounts, and linking makes the member edit their card (874ms)
  ✓   34 [team-profile] › tests/e2e/team-profile.spec.ts:403:7 › admin: Linked account control › the API refuses an admin, a reader or a second card for one account (311ms)
  ✓   35 [team-profile] › tests/e2e/team-profile.spec.ts:420:7 › API authorisation › an unauthenticated caller cannot modify anything (5ms)
  ✓   36 [team-profile] › tests/e2e/team-profile.spec.ts:430:9 › API authorisation › a reader account is refused (285ms)
  ✓   37 [team-profile] › tests/e2e/team-profile.spec.ts:430:9 › API authorisation › a admin account is refused (335ms)
  ✓   38 [team-profile] › tests/e2e/team-profile.spec.ts:439:7 › API authorisation › forged userId / team / role fields change nothing about anyone (290ms)
  ✓   39 [team-profile] › tests/e2e/team-profile.spec.ts:456:7 › public Our Team page › sections are right, every person appears exactly once, and every photo renders (1.2s)
  ✓   40 [team-profile] › tests/e2e/team-profile.spec.ts:500:7 › public Our Team page › a banned or demoted member disappears, and returns with the same card when restored (281ms)
  ✓   41 [team-profile] › tests/e2e/team-profile.spec.ts:513:7 › public Our Team page › the public team API does not leak account links (10ms)
  ✓   42 [team-profile] › tests/e2e/team-profile.spec.ts:523:7 › layout › desktop: the sidebar stays put and the form sits beside it, not under it (1.6s)
  ✓   43 [team-profile] › tests/e2e/team-profile.spec.ts:538:7 › layout › mobile: reachable from the menu, usable, and nothing overflows the screen (1.3s)
  ✓   44 [team-profile] › tests/e2e/team-profile.spec.ts:577:7 › layout › mobile: the public Our Team page fits the screen (260ms)
  ✓   45 [team-profile] › tests/e2e/team-profile.spec.ts:587:7 › layout › desktop: public page screenshot for the record (875ms)
  ✓   46 [public] › tests/e2e/footnotes.spec.ts:58:7 › desktop › markers are renumbered sequentially and the list matches (1.8s)
  ✓   47 [public] › tests/e2e/footnotes.spec.ts:72:7 › desktop › hover shows the popover with decoded text and no layout shift (2.0s)
  ✓   48 [public] › tests/e2e/footnotes.spec.ts:100:7 › desktop › keyboard: Tab focus shows it, Escape dismisses, focus stays put (1.8s)
  ✓   49 [public] › tests/e2e/footnotes.spec.ts:126:7 › desktop › marker click jumps to the list entry; back-link returns to the marker (1.8s)
  ✓   50 [public] › tests/e2e/footnotes.spec.ts:145:7 › desktop › dark mode popover uses dark surfaces (1.8s)
  ✓   51 [public] › tests/e2e/footnotes.spec.ts:161:7 › mobile touch › tap shows the popover inside the viewport; tapping elsewhere dismisses (2.1s)
  ✓   52 [public] › tests/e2e/footnotes.spec.ts:180:7 › mobile touch › tapping the same marker again toggles the popover closed (1.8s)
  ✓   53 [public] › tests/e2e/network-crawl.spec.ts:38:5 › single-threaded crawl: no internal URL (page or ?_rsc=) returns >= 400 (466ms)
  ✓   54 [public] › tests/e2e/network-crawl.spec.ts:52:5 › concurrent crawl: bursts of page + ?_rsc= requests stay < 500 (453ms)
  ✓   55 [public] › tests/e2e/network-crawl.spec.ts:106:5 › no broken images on key public pages (7.3s)
  ✓   56 [public] › tests/e2e/public.spec.ts:24:5 › homepage loads with zero console errors (1.0s)
  ✓   57 [public] › tests/e2e/public.spec.ts:31:5 › each category page renders exactly the published count from the data layer (2.6s)
  ✓   58 [public] › tests/e2e/public.spec.ts:48:5 › Priority 1 guard: EVERY published article is reachable on its category page (2.6s)
  ✓   59 [public] › tests/e2e/public.spec.ts:72:5 › an article page renders title, body, hero image and share bar (815ms)
  ✓   60 [public] › tests/e2e/public.spec.ts:83:5 › search "carbon" returns the carbon article (956ms)
  ✓   61 [public] › tests/e2e/public.spec.ts:94:5 › category pages have NO duplicate article titles and count matches unique articles (2.6s)
  ✓   62 [public] › tests/e2e/public.spec.ts:114:5 › article page: correct title/meta, share, copy-link, save controls; reading progress advances on scroll (1.5s)
  ✓   63 [public] › tests/e2e/public.spec.ts:142:5 › debate hub: the vote flow is wired up (button → API → results) (843ms)
  ✓   64 [public] › tests/e2e/public.spec.ts:171:5 › search highlights matched terms with <mark> (729ms)
  ✓   65 [public] › tests/e2e/public.spec.ts:178:5 › navigating across pages throws no InvalidStateError (view-transition guard) (3.7s)
  ✓   66 [public] › tests/e2e/public.spec.ts:209:5 › dark-mode toggle switches theme (1.4s)
  ✓   67 [public] › tests/e2e/public.spec.ts:223:5 › contact form shows validation on empty submit (2.7s)
  ✓   68 [public] › tests/e2e/public.spec.ts:238:9 › hero headings have visible contrast (Priority 3 regression guard) › hero h1 on /about is not the background colour (696ms)
  ✓   69 [public] › tests/e2e/public.spec.ts:238:9 › hero headings have visible contrast (Priority 3 regression guard) › hero h1 on /opinion-debate is not the background colour (708ms)
  ✓   70 [public] › tests/e2e/public.spec.ts:238:9 › hero headings have visible contrast (Priority 3 regression guard) › hero h1 on /category/opinion is not the background colour (809ms)
  ✓   71 [public] › tests/e2e/public.spec.ts:238:9 › hero headings have visible contrast (Priority 3 regression guard) › hero h1 on /contact is not the background colour (694ms)
  ✓   72 [editorial] › tests/e2e/editorial-layout.spec.ts:53:7 › portal shell stays bounded with no horizontal overflow (desktop) (6.0s)
  ✓   73 [editorial] › tests/e2e/editorial-layout.spec.ts:53:7 › portal shell stays bounded with no horizontal overflow (laptop) (6.4s)
  ✓   74 [editorial] › tests/e2e/editorial-layout.spec.ts:53:7 › portal shell stays bounded with no horizontal overflow (tablet) (5.9s)
  ✓   75 [editorial] › tests/e2e/editorial-layout.spec.ts:53:7 › portal shell stays bounded with no horizontal overflow (mobile) (5.7s)
  ✓   76 [editorial] › tests/e2e/editorial-layout.spec.ts:71:5 › sidebar and sign out stay in view while the content region scrolls (1.2s)
  ✓   77 [editorial] › tests/e2e/editorial.spec.ts:23:7 › /editorial loads, shows a heading, no console errors (767ms)
  ✓   78 [editorial] › tests/e2e/editorial.spec.ts:23:7 › /editorial/articles loads, shows a heading, no console errors (809ms)
  ✓   79 [editorial] › tests/e2e/editorial.spec.ts:23:7 › /editorial/articles/new loads, shows a heading, no console errors (804ms)
  ✓   80 [editorial] › tests/e2e/editorial.spec.ts:23:7 › /editorial/series loads, shows a heading, no console errors (793ms)
  ✓   81 [editorial] › tests/e2e/editorial.spec.ts:23:7 › /editorial/scheduled loads, shows a heading, no console errors (779ms)
  ✓   82 [editorial] › tests/e2e/editorial.spec.ts:23:7 › /editorial/trash loads, shows a heading, no console errors (800ms)
  ✓   83 [editorial] › tests/e2e/editorial.spec.ts:23:7 › /editorial/review loads, shows a heading, no console errors (788ms)
  ✓   84 [editorial] › tests/e2e/editorial.spec.ts:23:7 › /editorial/debates loads, shows a heading, no console errors (803ms)
  ✓   85 [editorial] › tests/e2e/editorial.spec.ts:23:7 › /editorial/comments loads, shows a heading, no console errors (787ms)
  ✓   86 [editorial] › tests/e2e/editorial.spec.ts:23:7 › /editorial/users loads, shows a heading, no console errors (773ms)
  ✓   87 [editorial] › tests/e2e/editorial.spec.ts:23:7 › /editorial/analytics loads, shows a heading, no console errors (820ms)
  ✓   88 [editorial] › tests/e2e/editorial.spec.ts:42:5 › debates and comments pages have page-specific titles (Priority 5) (255ms)
  ✓   89 [editorial] › tests/e2e/editorial.spec.ts:52:5 › Analytics: every tab loads with no console errors, and Writers shows data (14.7s)
  ✓   90 [editorial] › tests/e2e/editorial.spec.ts:79:5 › Comment Moderation loads WITHOUT the error banner and shows real stats (2.1s)
  ✓   91 [editorial] › tests/e2e/editorial.spec.ts:101:5 › New Article editor autosaves a draft (2.9s)
  ✓   92 [editorial] › tests/e2e/editorial.spec.ts:117:5 › bookmarks are fetched ONCE per page, not once per card (Bug 7) (3.5s)
  ✓   93 [editorial] › tests/e2e/editorial.spec.ts:134:5 › comments moderation total matches the users-table comment counts (Priority 4) (2.4s)
  ✓   94 [editor] › tests/e2e/editor-scope.spec.ts:41:7 › an editor with no category assignments › can save a categorised article (107ms)
  ✓   95 [editor] › tests/e2e/editor-scope.spec.ts:56:7 › an editor scoped to Opinion › can save an article inside their category (13ms)
  ✓   96 [editor] › tests/e2e/editor-scope.spec.ts:64:7 › an editor scoped to Opinion › is refused, with a specific reason, outside their category (10ms)
  ✓   97 [lifecycle] › tests/e2e/publication-cache.spec.ts:6:5 › warm category list follows create, edit, unpublish, republish, trash and restore (714ms)
  ✓   98 [lifecycle] › tests/e2e/publication-lifecycle.spec.ts:28:7 › full article lifecycle › draft → submit → return → edit/resubmit → publish → public → unpublish → gone (273ms)
  ✓   99 [lifecycle] › tests/e2e/publication-lifecycle.spec.ts:100:7 › full article lifecycle › editor can schedule a reviewed article for a future publish time (17ms)
  ✓  100 [lifecycle] › tests/e2e/publication-lifecycle.spec.ts:132:7 › full article lifecycle › an illegal review transition is rejected with a structured 409 (12ms)
  ✓  101 [lifecycle] › tests/e2e/publication-lifecycle.spec.ts:160:7 › full article lifecycle › inline article comments can be created and read back (article_comments table) (19ms)

  101 passed (3.5m)
