[platform-check] guarded test DB; app localhost:3221; storage loopback:55621; email/OAuth disabled
Service logs: /var/folders/c3/f3cf73pj4fg2dd69gq_cphqc0000gn/T/consilium-suite-qVFXvS

> the-consilium@0.1.0 test:setup-db
> bash scripts/setup-test-db.sh

→ verifying resolved database host is safe for the test harness
   ok: localhost
→ prisma generate + db push
Loaded Prisma config from prisma.config.ts.

Prisma schema loaded from prisma/schema.prisma.
Loaded Prisma config from prisma.config.ts.

Prisma schema loaded from prisma/schema.prisma.
→ seeding

> the-consilium@0.1.0 db:seed
> ts-node -P tsconfig.seed.json prisma/seed.ts

Seeding database...
Categories: News, Opinion, Analysis, Interviews
Users: admin@theconsilium.com writer@theconsilium.com
Articles: Bank of England Cuts Rates to 4.5% as Inflation Returns to Target
  AI and Labour Markets: Beyond the Technopanic
  The Housing Affordability Crisis: Comparing Policy Responses Across the OECD
  Carbon Market Fragmentation and the Challenge of Global Climate Coordination
Team: Alexander Escala, Annika Sarawgi, Sam Hunt, Zara Spendiff, Gurmehar Kaur, Yaoqing Wang, Catherine Toh

Seeding complete.

Admin: admin@theconsilium.com / consilium2024
Writer: writer@theconsilium.com / writer2024

> the-consilium@0.1.0 db:seed-debates
> ts-node -P tsconfig.seed.json prisma/seed-debates.ts

🌱 Seeding debates…
✓ Created 3 debates and 6 debate articles
  Debate "Should the UK raise the minimum wage?" already has 240 votes - skipping
  Debate "Should AI be broadly regulated?" already has 382 votes - skipping
  Debate "Does free trade do more harm than good?" already has 190 votes - skipping
  ✓ Cover images set on all debate articles
✅ Debate seed complete

────────────────────────────────────────────────────────────
No removable duplicates found. Database is clean. ✓
   Editors: editor.global (unscoped), editor.opinion (Opinion only)
✅ Test fixtures ready. Created 0 comment(s).
   Total users: 87, total comments: 10
Read-through fixtures ready:
  the-long-read-experiment: 24 readers, expect finished 21%, median 58%, drop 30-40%
  the-small-sample: 3 readers, expect the "not enough data yet" state
  rt-edge-*: draft edge-case articles for the DB aggregation tests
psql:supabase/migrations/20261006153514_discovery_topic_identity.sql:17: NOTICE:  relation "tags_canonical_identity_key" already exists, skipping
psql:supabase/migrations/20261006153514_discovery_topic_identity.sql:18: NOTICE:  relation "article_tags_tagId_articleId_idx" already exists, skipping
psql:supabase/migrations/20261006160355_managed_article_images.sql:10: NOTICE:  relation "article_image_assets" already exists, skipping
psql:supabase/migrations/20261006160355_managed_article_images.sql:11: NOTICE:  relation "article_image_assets_unusedSince_createdAt_idx" already exists, skipping
psql:supabase/migrations/20261006160355_managed_article_images.sql:12: NOTICE:  relation "article_image_assets_uploaderId_idx" already exists, skipping
psql:supabase/migrations/20261006161505_article_active_engagement.sql:11: NOTICE:  relation "article_engagement_sessions" already exists, skipping
psql:supabase/migrations/20261006161505_article_active_engagement.sql:12: NOTICE:  relation "article_engagement_sessions_articleId_startedAt_idx" already exists, skipping
psql:supabase/migrations/20261006161505_article_active_engagement.sql:13: NOTICE:  relation "article_engagement_sessions_startedAt_idx" already exists, skipping
psql:supabase/migrations/20261006161505_article_active_engagement.sql:14: NOTICE:  relation "article_engagement_sessions_readerHash_startedAt_idx" already exists, skipping
✅ test database ready (port 55521)
psql:tests/e2e/helpers/local-storage-schema.sql:5: NOTICE:  schema "storage" already exists, skipping
CREATE SCHEMA
DO
psql:tests/e2e/helpers/local-storage-schema.sql:21: NOTICE:  relation "buckets" already exists, skipping
CREATE TABLE
INSERT 0 0
psql:supabase/migrations/20261001_team_member_user_link.sql:22: NOTICE:  column "userId" of relation "team_members" already exists, skipping
ALTER TABLE
psql:supabase/migrations/20261001_team_member_user_link.sql:25: NOTICE:  relation "team_members_userId_key" already exists, skipping
CREATE INDEX
DO
DO

> the-consilium@0.1.0 build
> next build

▲ Next.js 16.2.2 (Turbopack)
- Experiments (use with caution):
  ✓ viewTransition

  Creating an optimized production build ...
✓ Compiled successfully in 4.8s
  Running TypeScript ...
  Finished TypeScript in 8.0s ...
  Collecting page data using 7 workers ...
  Generating static pages using 7 workers (0/89) ...
  Generating static pages using 7 workers (22/89)
[auth:read-session] {
  requestId: 'afb9f5b3-bece-4b8e-83a7-cc12ec4e8b2e',
  error: Error: Dynamic server usage: Route /editorial/readers couldn't be rendered statically because it used `headers`. See more info here: https://nextjs.org/docs/messages/dynamic-server-error
      at m (.next/server/chunks/ssr/_08zzayt._.js:34:38162)
      at h (.next/server/chunks/ssr/_08zzayt._.js:34:46795)
      at r (.next/server/chunks/ssr/_08zzayt._.js:45:3355)
      at q (.next/server/chunks/ssr/_08zzayt._.js:45:3264)
      at k (.next/server/chunks/ssr/[root-of-the-server]__12w79nl._.js:1:3327) {
    description: "Route /editorial/readers couldn't be rendered statically because it used `headers`. See more info here: https://nextjs.org/docs/messages/dynamic-server-error",
    digest: 'DYNAMIC_SERVER_USAGE'
  }
}
[auth:read-session] {
  requestId: 'fbd4c89a-939b-474b-8582-76108953c3a7',
  error: Error: Dynamic server usage: Route /admin/login-attempts couldn't be rendered statically because it used `headers`. See more info here: https://nextjs.org/docs/messages/dynamic-server-error
      at m (.next/server/chunks/ssr/_08zzayt._.js:34:38162)
      at h (.next/server/chunks/ssr/_08zzayt._.js:34:46795)
      at r (.next/server/chunks/ssr/_08zzayt._.js:45:3355)
      at q (.next/server/chunks/ssr/_08zzayt._.js:45:3264)
      at k (.next/server/chunks/ssr/[root-of-the-server]__0q6jw0p._.js:1:10216) {
    description: "Route /admin/login-attempts couldn't be rendered statically because it used `headers`. See more info here: https://nextjs.org/docs/messages/dynamic-server-error",
    digest: 'DYNAMIC_SERVER_USAGE'
  }
}
  Generating static pages using 7 workers (44/89)
[auth:read-session] {
  requestId: 'f17b6056-ab6c-404b-b4d6-e6c3f5f68ba1',
  error: Error: Dynamic server usage: Route /admin/subscribers couldn't be rendered statically because it used `headers`. See more info here: https://nextjs.org/docs/messages/dynamic-server-error
      at m (.next/server/chunks/ssr/_08zzayt._.js:34:38162)
      at h (.next/server/chunks/ssr/_08zzayt._.js:34:46795)
      at r (.next/server/chunks/ssr/_08zzayt._.js:45:3355)
      at q (.next/server/chunks/ssr/_08zzayt._.js:45:3264)
      at k (.next/server/chunks/ssr/[root-of-the-server]__0np8jc_._.js:1:10216) {
    description: "Route /admin/subscribers couldn't be rendered statically because it used `headers`. See more info here: https://nextjs.org/docs/messages/dynamic-server-error",
    digest: 'DYNAMIC_SERVER_USAGE'
  }
}
[auth:read-session] {
  requestId: '4632ff4b-2c9b-45b5-af54-84465151d0f7',
  error: Error: Dynamic server usage: Route /admin/team couldn't be rendered statically because it used `headers`. See more info here: https://nextjs.org/docs/messages/dynamic-server-error
      at m (.next/server/chunks/ssr/_08zzayt._.js:34:38162)
      at h (.next/server/chunks/ssr/_08zzayt._.js:34:46795)
      at r (.next/server/chunks/ssr/_08zzayt._.js:45:3355)
      at q (.next/server/chunks/ssr/_08zzayt._.js:45:3264)
      at k (.next/server/chunks/ssr/[root-of-the-server]__0hszdti._.js:1:3275) {
    description: "Route /admin/team couldn't be rendered statically because it used `headers`. See more info here: https://nextjs.org/docs/messages/dynamic-server-error",
    digest: 'DYNAMIC_SERVER_USAGE'
  }
}
  Generating static pages using 7 workers (66/89)
[auth:read-session] {
  requestId: '6faa9b1d-4974-43f6-9006-c8110d028da1',
  error: Error: Dynamic server usage: Route /editorial/analytics couldn't be rendered statically because it used `headers`. See more info here: https://nextjs.org/docs/messages/dynamic-server-error
      at m (.next/server/chunks/ssr/_08zzayt._.js:34:38162)
      at h (.next/server/chunks/ssr/_08zzayt._.js:34:46795)
      at r (.next/server/chunks/ssr/_08zzayt._.js:45:3355)
      at q (.next/server/chunks/ssr/_08zzayt._.js:45:3264)
      at j (.next/server/chunks/ssr/[root-of-the-server]__033bbo.._.js:1:3337) {
    description: "Route /editorial/analytics couldn't be rendered statically because it used `headers`. See more info here: https://nextjs.org/docs/messages/dynamic-server-error",
    digest: 'DYNAMIC_SERVER_USAGE'
  }
}
[auth:read-session] {
  requestId: '0fdd875c-47ef-47d5-90ba-8e492ea101ab',
  error: Error: Dynamic server usage: Route /editorial/calendar couldn't be rendered statically because it used `headers`. See more info here: https://nextjs.org/docs/messages/dynamic-server-error
      at m (.next/server/chunks/ssr/_08zzayt._.js:34:38162)
      at h (.next/server/chunks/ssr/_08zzayt._.js:34:46795)
      at r (.next/server/chunks/ssr/_08zzayt._.js:45:3355)
      at q (.next/server/chunks/ssr/_08zzayt._.js:45:3264)
      at l (.next/server/chunks/ssr/[root-of-the-server]__0bc2~y1._.js:1:6275) {
    description: "Route /editorial/calendar couldn't be rendered statically because it used `headers`. See more info here: https://nextjs.org/docs/messages/dynamic-server-error",
    digest: 'DYNAMIC_SERVER_USAGE'
  }
}
✓ Generating static pages using 7 workers (89/89) in 501ms
  Finalizing page optimization ...

Route (app)                                         Revalidate  Expire
┌ ƒ /
├ ○ /_not-found                                             1m      1y
├ ○ /about                                                  1m      1y
├ ƒ /admin
├ ƒ /admin/articles
├ ƒ /admin/articles/[id]/edit
├ ƒ /admin/articles/new
├ ƒ /admin/data
├ ƒ /admin/login-attempts
├ ƒ /admin/subscribers
├ ƒ /admin/team
├ ƒ /api/admin/audit-log
├ ƒ /api/admin/delete-user
├ ƒ /api/admin/stats
├ ƒ /api/admin/users
├ ƒ /api/admin/users/[userId]
├ ƒ /api/admin/users/[userId]/ban
├ ƒ /api/admin/users/[userId]/comments/[commentId]
├ ƒ /api/admin/users/[userId]/notes
├ ƒ /api/admin/users/[userId]/notes/[noteId]
├ ƒ /api/admin/users/[userId]/role
├ ƒ /api/admin/users/[userId]/unban
├ ƒ /api/admin/users/[userId]/warn
├ ƒ /api/analytics/by-author
├ ƒ /api/analytics/by-category
├ ƒ /api/analytics/recent-activity
├ ƒ /api/analytics/referrers
├ ƒ /api/analytics/summary
├ ƒ /api/analytics/timeseries
├ ƒ /api/analytics/top-articles
├ ƒ /api/analytics/track
├ ƒ /api/articles
├ ƒ /api/articles/[id]
├ ƒ /api/articles/[id]/comments
├ ƒ /api/articles/[id]/comments/[commentId]
├ ƒ /api/articles/[id]/notes
├ ƒ /api/auth/[...nextauth]
├ ƒ /api/auth/forgot-password
├ ƒ /api/auth/signup
├ ƒ /api/award-trophies
├ ƒ /api/bookmarks
├ ƒ /api/comments
├ ƒ /api/comments/[commentId]
├ ƒ /api/comments/[commentId]/report
├ ƒ /api/comments/[commentId]/upvote
├ ƒ /api/contact
├ ƒ /api/cron/cleanup-article-images
├ ƒ /api/cron/cleanup-reading-analytics
├ ƒ /api/cron/predictions
├ ƒ /api/cron/recalculate-streaks
├ ƒ /api/cron/update-engagement-scores
├ ƒ /api/debates/[debateId]/vote
├ ƒ /api/debates/active
├ ƒ /api/editorial/analytics
├ ƒ /api/editorial/articles/[id]/commendation
├ ƒ /api/editorial/articles/[id]/feature
├ ƒ /api/editorial/articles/[id]/pin
├ ƒ /api/editorial/articles/[id]/review
├ ƒ /api/editorial/articles/[id]/view
├ ƒ /api/editorial/calendar
├ ƒ /api/editorial/comments
├ ƒ /api/editorial/comments/[commentId]
├ ƒ /api/editorial/commissioning-brief
├ ƒ /api/editorial/debates
├ ƒ /api/editorial/debates/[debateId]
├ ƒ /api/editorial/glossary
├ ƒ /api/editorial/glossary/[id]
├ ƒ /api/editorial/glossary/settings
├ ƒ /api/editorial/growth/settings
├ ƒ /api/editorial/growth/subscribers
├ ƒ /api/editorial/growth/writer-activity
├ ƒ /api/editorial/leaderboard
├ ƒ /api/editorial/notifications
├ ƒ /api/editorial/notifications/[id]
├ ƒ /api/editorial/password-reset
├ ƒ /api/editorial/predictions
├ ƒ /api/editorial/predictions/[id]
├ ƒ /api/editorial/read-through
├ ƒ /api/editorial/read-through/[articleId]
├ ƒ /api/editorial/review-comments
├ ƒ /api/editorial/series
├ ƒ /api/editorial/setup
├ ƒ /api/editorial/trash
├ ƒ /api/editorial/trash/[id]
├ ƒ /api/editorial/users
├ ƒ /api/editorial/users/[id]
├ ƒ /api/latest-article
├ ƒ /api/parse-pdf
├ ƒ /api/predictions/[eventId]
├ ƒ /api/profile/account
├ ƒ /api/profile/comments
├ ƒ /api/profile/debate-votes
├ ƒ /api/profile/reading-history
├ ƒ /api/profile/saved-articles
├ ƒ /api/profile/stats
├ ƒ /api/publish-scheduled
├ ƒ /api/reading-progress
├ ƒ /api/reading-progress/[articleId]
├ ƒ /api/search
├ ƒ /api/subscribe
├ ƒ /api/team
├ ƒ /api/team-profile
├ ƒ /api/team/[id]
├ ƒ /api/ticker/macro
├ ƒ /api/ticker/markets
├ ƒ /api/upload
├ ƒ /api/upload/discard
├ ƒ /api/user/achievements
├ ƒ /api/user/achievements/mark-seen
├ ƒ /api/user/streak
├ ƒ /api/user/trophies
├ ƒ /api/user/trophies/mark-seen
├ ○ /apple-icon.png
├ ƒ /archive
├ ƒ /articles/[slug]
├ ƒ /author/[slug]
├ ○ /banned                                                 1m      1y
├ ƒ /category/[slug]
├ ○ /contact                                                1m      1y
├ ○ /corrections                                            1m      1y
├ ƒ /editorial
├ ƒ /editorial/analytics
├ ƒ /editorial/articles
├ ƒ /editorial/articles/[id]/edit
├ ƒ /editorial/articles/new
├ ƒ /editorial/calendar
├ ƒ /editorial/comments
├ ƒ /editorial/debates
├ ƒ /editorial/debates/[debateId]
├ ƒ /editorial/debates/[debateId]/edit
├ ƒ /editorial/debates/new
├ ƒ /editorial/glossary
├ ƒ /editorial/growth/engagement
├ ƒ /editorial/growth/subscribers
├ ƒ /editorial/growth/writer-activity
├ ƒ /editorial/leaderboard
├ ○ /editorial/login                                        1m      1y
├ ƒ /editorial/predictions
├ ƒ /editorial/predictions/[id]/edit
├ ƒ /editorial/predictions/new
├ ƒ /editorial/readers
├ ƒ /editorial/reset-password
├ ƒ /editorial/review
├ ƒ /editorial/review/[id]
├ ƒ /editorial/scheduled
├ ƒ /editorial/series
├ ○ /editorial/setup                                        1m      1y
├ ƒ /editorial/team-profile
├ ƒ /editorial/trash
├ ƒ /editorial/users
├ ƒ /editorial/users/[id]
├ ƒ /feed.xml
├ ○ /forgot-password                                        1m      1y
├ ○ /icon.png
├ ƒ /login
├ ƒ /opinion-debate
├ ƒ /predictions
├ ƒ /predictions/[id]
├ ƒ /predictions/leaderboard
├ ○ /privacy                                                1m      1y
├ ƒ /profile
├ ƒ /reset-password
├ ○ /robots.txt
├ ○ /search                                                 1m      1y
├ ○ /signup                                                 1m      1y
├ ○ /sitemap.xml
├ ƒ /tag/[slug]
├ ƒ /team
├ ○ /terms                                                  1m      1y
└ ƒ /unsubscribe


ƒ Proxy (Middleware)

○  (Static)   prerendered as static content
ƒ  (Dynamic)  server-rendered on demand


> the-consilium@0.1.0 test:integration
> vitest run tests/integration


 RUN  v4.1.7 /private/tmp/consilium-final-integration


 Test Files  28 passed (28)
      Tests  407 passed (407)
   Start at  12:39:23
   Duration  11.29s (transform 373ms, setup 128ms, import 2.56s, tests 6.73s, environment 1ms)


> the-consilium@0.1.0 test
> vitest run


 RUN  v4.1.7 /private/tmp/consilium-final-integration


 Test Files  75 passed (75)
      Tests  1053 passed | 7 expected fail (1060)
   Start at  12:39:35
   Duration  16.89s (transform 659ms, setup 290ms, import 3.70s, tests 7.11s, environment 1.04s)


Running 129 tests using 1 worker

(node:86081) Warning: The 'NO_COLOR' env is ignored due to the 'FORCE_COLOR' env being set.
(Use `node --trace-warnings ...` to show where the warning was created)
(node:86081) Warning: The 'NO_COLOR' env is ignored due to the 'FORCE_COLOR' env being set.
(Use `node --trace-warnings ...` to show where the warning was created)
  ✓    1 [setup] › tests/e2e/auth.setup.ts:13:6 › authenticate as admin (645ms)
  ✓    2 [setup] › tests/e2e/auth.setup.ts:50:6 › authenticate as an editor with no category assignments (367ms)
  ✓    3 [setup] › tests/e2e/auth.setup.ts:54:6 › authenticate as an editor scoped to Opinion (357ms)
  ✓    4 [setup] › tests/e2e/auth.setup.ts:62:6 › authenticate as the seeded writer (361ms)
(node:86098) Warning: The 'NO_COLOR' env is ignored due to the 'FORCE_COLOR' env being set.
(Use `node --trace-warnings ...` to show where the warning was created)
(node:86098) Warning: The 'NO_COLOR' env is ignored due to the 'FORCE_COLOR' env being set.
(Use `node --trace-warnings ...` to show where the warning was created)
  ✓    5 [team-profile] › tests/e2e/team-profile-lifecycle.spec.ts:109:7 › new account → admin grants WRITER → creates a profile in writers (3.8s)
  ✓    6 [team-profile] › tests/e2e/team-profile-lifecycle.spec.ts:109:7 › new account → admin grants EDITOR → creates a profile in editorial (3.7s)
  ✓    7 [team-profile] › tests/e2e/team-profile-lifecycle.spec.ts:109:7 › new account → admin grants GROWTH → creates a profile in growth (3.8s)
[session] JWT role right after the grant: READER; converged to WRITER after 60s without signing in again
  ✓    8 [team-profile] › tests/e2e/team-profile-lifecycle.spec.ts:189:5 › session: server checks see a promotion immediately; the cached JWT role catches up within a minute, with no re-login (1.0m)
  ✓    9 [team-profile] › tests/e2e/team-profile-lifecycle.spec.ts:224:5 › one account, one card: Writer → Editor → Growth → Reader → Writer → Admin → Editor (8.6s)
  ✓   10 [team-profile] › tests/e2e/team-profile.spec.ts:65:9 › access by role › writer sees Team Profile in the portal sidebar and can open it (425ms)
  ✓   11 [team-profile] › tests/e2e/team-profile.spec.ts:65:9 › access by role › editor sees Team Profile in the portal sidebar and can open it (366ms)
  ✓   12 [team-profile] › tests/e2e/team-profile.spec.ts:65:9 › access by role › growth sees Team Profile in the portal sidebar and can open it (376ms)
  ✓   13 [team-profile] › tests/e2e/team-profile.spec.ts:76:7 › access by role › admin has no Team Profile link and gets an explanation, not a form (363ms)
  ✓   14 [team-profile] › tests/e2e/team-profile.spec.ts:89:7 › access by role › a reader cannot enter the portal at all (307ms)
  ✓   15 [team-profile] › tests/e2e/team-profile.spec.ts:99:7 › access by role › an account with no name is asked to set one first (334ms)
  ✓   16 [team-profile] › tests/e2e/team-profile.spec.ts:121:7 › writer: create then edit › create state: name and team are shown as read-only text, with no team picker (69ms)
  ✓   17 [team-profile] › tests/e2e/team-profile.spec.ts:137:7 › writer: create then edit › the description counter tracks input and the field stops at the limit (20ms)
  ✓   18 [team-profile] › tests/e2e/team-profile.spec.ts:148:7 › writer: create then edit › photo validation: an oversize file is refused in the browser, with a clear message (276ms)
  ✓   19 [team-profile] › tests/e2e/team-profile.spec.ts:158:7 › writer: create then edit › photo validation: a non-image with an image name is refused by the server (57ms)
  ✓   20 [team-profile] › tests/e2e/team-profile.spec.ts:173:7 › writer: create then edit › selecting a photo previews it, and Remove clears the selection (35ms)
  ✓   21 [team-profile] › tests/e2e/team-profile.spec.ts:186:7 › writer: create then edit › saving locks the form, a double-click sends ONE request, and one card exists (2.1s)
  ✓   22 [team-profile] › tests/e2e/team-profile.spec.ts:223:7 › writer: create then edit › after a refresh the persisted profile is shown in the edit state (76ms)
  ✓   23 [team-profile] › tests/e2e/team-profile.spec.ts:236:7 › writer: create then edit › editing the description updates the same row (72ms)
  ✓   24 [team-profile] › tests/e2e/team-profile.spec.ts:248:7 › writer: create then edit › replacing the photo stores the new file and deletes the old one (91ms)
  ✓   25 [team-profile] › tests/e2e/team-profile.spec.ts:266:7 › writer: create then edit › the public page shows them once, under Writers, with a rendered photo (235ms)
  ✓   26 [team-profile] › tests/e2e/team-profile.spec.ts:287:7 › writer: create then edit › removing the photo clears it everywhere and the card falls back to initials (382ms)
  ✓   27 [team-profile] › tests/e2e/team-profile.spec.ts:319:7 › writer: create then edit › no console errors or page exceptions occurred during the whole flow (2ms)
  ✓   28 [team-profile] › tests/e2e/team-profile.spec.ts:332:7 › other teams › two tabs creating at the same moment still produce exactly one card (564ms)
  ✓   29 [team-profile] › tests/e2e/team-profile.spec.ts:353:7 › other teams › growth creates a card that appears in Growth & Communications (396ms)
  ✓   30 [team-profile] › tests/e2e/team-profile.spec.ts:371:7 › existing members › a legacy card with no email is NOT duplicated: the member is told to ask an admin (344ms)
  ✓   31 [team-profile] › tests/e2e/team-profile.spec.ts:390:7 › existing members › a card carrying the member’s email opens in the edit state, prefilled, and saving adopts it (396ms)
  ✓   32 [team-profile] › tests/e2e/team-profile.spec.ts:407:7 › existing members › an already-linked member starts in the edit state (331ms)
  ✓   33 [team-profile] › tests/e2e/team-profile.spec.ts:420:7 › admin: Linked account control › offers only Writer, Editor and Growth accounts, and linking makes the member edit their card (897ms)
  ✓   34 [team-profile] › tests/e2e/team-profile.spec.ts:466:7 › admin: Linked account control › the API refuses an admin, a reader or a second card for one account (311ms)
  ✓   35 [team-profile] › tests/e2e/team-profile.spec.ts:489:7 › API authorisation › an unauthenticated caller cannot modify anything (5ms)
  ✓   36 [team-profile] › tests/e2e/team-profile.spec.ts:499:9 › API authorisation › a reader account is refused (269ms)
  ✓   37 [team-profile] › tests/e2e/team-profile.spec.ts:499:9 › API authorisation › a admin account is refused (301ms)
  ✓   38 [team-profile] › tests/e2e/team-profile.spec.ts:508:7 › API authorisation › forged userId / team / role fields change nothing about anyone (294ms)
  ✓   39 [team-profile] › tests/e2e/team-profile.spec.ts:536:7 › public Our Team page › sections are right, every person appears exactly once, and every photo renders (1.2s)
  ✓   40 [team-profile] › tests/e2e/team-profile.spec.ts:613:7 › public Our Team page › a banned or demoted member disappears, and returns with the same card when restored (239ms)
  ✓   41 [team-profile] › tests/e2e/team-profile.spec.ts:628:7 › public Our Team page › the public team API does not leak account links (7ms)
  ✓   42 [team-profile] › tests/e2e/team-profile.spec.ts:638:7 › layout › desktop: the sidebar stays put and the form sits beside it, not under it (1.6s)
  ✓   43 [team-profile] › tests/e2e/team-profile.spec.ts:662:7 › layout › mobile: reachable from the menu, usable, and nothing overflows the screen (1.3s)
  ✓   44 [team-profile] › tests/e2e/team-profile.spec.ts:711:7 › layout › mobile: the public Our Team page fits the screen (294ms)
  ✓   45 [team-profile] › tests/e2e/team-profile.spec.ts:729:7 › layout › desktop: public page screenshot for the record (846ms)
(node:86357) Warning: The 'NO_COLOR' env is ignored due to the 'FORCE_COLOR' env being set.
(Use `node --trace-warnings ...` to show where the warning was created)
(node:86357) Warning: The 'NO_COLOR' env is ignored due to the 'FORCE_COLOR' env being set.
(Use `node --trace-warnings ...` to show where the warning was created)
  ✓   46 [public] › tests/e2e/footnotes.spec.ts:58:7 › desktop › markers are renumbered sequentially and the list matches (2.0s)
  ✓   47 [public] › tests/e2e/footnotes.spec.ts:72:7 › desktop › hover shows the popover with decoded text and no layout shift (2.0s)
  ✓   48 [public] › tests/e2e/footnotes.spec.ts:100:7 › desktop › keyboard: Tab focus shows it, Escape dismisses, focus stays put (1.8s)
  ✓   49 [public] › tests/e2e/footnotes.spec.ts:126:7 › desktop › marker click jumps to the list entry; back-link returns to the marker (1.8s)
  ✓   50 [public] › tests/e2e/footnotes.spec.ts:145:7 › desktop › dark mode popover uses dark surfaces (1.8s)
  ✓   51 [public] › tests/e2e/footnotes.spec.ts:161:7 › mobile touch › tap shows the popover inside the viewport; tapping elsewhere dismisses (2.0s)
  ✓   52 [public] › tests/e2e/footnotes.spec.ts:180:7 › mobile touch › tapping the same marker again toggles the popover closed (1.8s)
  ✓   53 [public] › tests/e2e/network-crawl.spec.ts:38:5 › single-threaded crawl: no internal URL (page or ?_rsc=) returns >= 400 (452ms)
  ✓   54 [public] › tests/e2e/network-crawl.spec.ts:52:5 › concurrent crawl: bursts of page + ?_rsc= requests stay < 500 (396ms)
  ✓   55 [public] › tests/e2e/network-crawl.spec.ts:106:5 › no broken images on key public pages (7.6s)
  ✓   56 [public] › tests/e2e/public.spec.ts:24:5 › homepage loads with zero console errors (972ms)
  ✓   57 [public] › tests/e2e/public.spec.ts:31:5 › each category page renders exactly the published count from the data layer (2.0s)
  ✓   58 [public] › tests/e2e/public.spec.ts:48:5 › Priority 1 guard: EVERY published article is reachable on its category page (1.9s)
  ✓   59 [public] › tests/e2e/public.spec.ts:72:5 › an article page renders title, body, hero image and share bar (777ms)
  ✓   60 [public] › tests/e2e/public.spec.ts:83:5 › search "carbon" returns the carbon article (778ms)
  ✓   61 [public] › tests/e2e/public.spec.ts:94:5 › category pages have NO duplicate article titles and count matches unique articles (2.0s)
  ✓   62 [public] › tests/e2e/public.spec.ts:114:5 › article page: correct title/meta, share, copy-link, save controls; reading progress advances on scroll (1.5s)
  ✓   63 [public] › tests/e2e/public.spec.ts:142:5 › debate hub: the vote flow is wired up (button → API → results) (831ms)
  ✓   64 [public] › tests/e2e/public.spec.ts:171:5 › search highlights matched terms with <mark> (754ms)
  ✓   65 [public] › tests/e2e/public.spec.ts:178:5 › navigating across pages throws no InvalidStateError (view-transition guard) (2.5s)
  ✓   66 [public] › tests/e2e/public.spec.ts:209:5 › dark-mode toggle switches theme (1.4s)
  ✓   67 [public] › tests/e2e/public.spec.ts:223:5 › contact form shows validation on empty submit (2.7s)
  ✓   68 [public] › tests/e2e/public.spec.ts:238:9 › hero headings have visible contrast (Priority 3 regression guard) › hero h1 on /about is not the background colour (698ms)
  ✓   69 [public] › tests/e2e/public.spec.ts:238:9 › hero headings have visible contrast (Priority 3 regression guard) › hero h1 on /opinion-debate is not the background colour (729ms)
  ✓   70 [public] › tests/e2e/public.spec.ts:238:9 › hero headings have visible contrast (Priority 3 regression guard) › hero h1 on /category/opinion is not the background colour (759ms)
  ✓   71 [public] › tests/e2e/public.spec.ts:238:9 › hero headings have visible contrast (Priority 3 regression guard) › hero h1 on /contact is not the background colour (731ms)
(node:86453) Warning: The 'NO_COLOR' env is ignored due to the 'FORCE_COLOR' env being set.
(Use `node --trace-warnings ...` to show where the warning was created)
(node:86453) Warning: The 'NO_COLOR' env is ignored due to the 'FORCE_COLOR' env being set.
(Use `node --trace-warnings ...` to show where the warning was created)
  ✓   72 [upgrade] › tests/e2e/upgrade-discovery.spec.ts:67:7 › topic OR, pagination, unselect, clear and refresh at 375px (4.3s)
  ✓   73 [upgrade] › tests/e2e/upgrade-discovery.spec.ts:67:7 › topic OR, pagination, unselect, clear and refresh at 768px (5.7s)
  ✓   74 [upgrade] › tests/e2e/upgrade-discovery.spec.ts:67:7 › topic OR, pagination, unselect, clear and refresh at 1440px (5.7s)
  ✓   75 [upgrade] › tests/e2e/upgrade-discovery.spec.ts:108:5 › keyboard search discovers title, author, topic, empty and no results; failure can retry (653ms)
  ✓   76 [upgrade] › tests/e2e/upgrade-discovery.spec.ts:142:5 › published topic assignments invalidate warm topic lists and follow unpublish/trash/restore (785ms)
  ✓   77 [upgrade] › tests/e2e/upgrade-final-integration.spec.ts:9:5 › concurrent editorial approvals commit one transition and one notification (203ms)
  ✓   78 [upgrade] › tests/e2e/upgrade-final-integration.spec.ts:40:5 › concurrent writer submissions notify the review queue once and reject later writer edits (140ms)
  ✓   79 [upgrade] › tests/e2e/upgrade-final-integration.spec.ts:72:5 › large pasted tables survive save/reload/publication and scroll within the mobile article (1.2s)
  ✓   80 [upgrade] › tests/e2e/upgrade-final-integration.spec.ts:122:5 › shuffled account-linked chief, two deputies, editors, writers and Growth render in order; one deputy stays centred (9.5s)
  ✓   81 [upgrade] › tests/e2e/upgrade-final-integration.spec.ts:188:5 › an editor with a stale open document gets a conflict and retains unsaved changes (900ms)
  ✓   82 [upgrade] › tests/e2e/upgrade-final-integration.spec.ts:231:5 › slow draft creation preserves newer typing, and a failed save retains changes for retry (4.9s)
  ✓   83 [upgrade] › tests/e2e/upgrade-final-integration.spec.ts:282:5 › document settings expose one desktop form and trap/restore keyboard focus on mobile (502ms)
  ✓   84 [upgrade] › tests/e2e/upgrade-growth-analytics.spec.ts:48:5 › newsletter validates, retries network failure, normalizes and deduplicates at mobile width (5.7s)
  ✓   85 [upgrade] › tests/e2e/upgrade-growth-analytics.spec.ts:75:5 › canonical copy, clipboard fallback, LinkedIn, email and native sharing are keyboard accessible (354ms)
  ✓   86 [upgrade] › tests/e2e/upgrade-growth-analytics.spec.ts:135:5 › analytics heartbeat pauses hidden, consent controls persistence, failure leaves article readable (499ms)
  ✓   87 [upgrade] › tests/e2e/upgrade-growth-analytics.spec.ts:182:5 › existing analytics dashboard exposes active reading and rejects writer permissions (414ms)
  ✓   88 [upgrade] › tests/e2e/upgrade-growth-analytics.spec.ts:208:5 › one publication LinkedIn setting updates footer/contact and refuses writer changes (600ms)
  ✓   89 [upgrade] › tests/e2e/upgrade-revisions.spec.ts:26:5 › list publish/unpublish sends loaded revisions, propagates successful revision and reconciles stale conflicts (1.6s)
  ✓   90 [upgrade] › tests/e2e/upgrade-revisions.spec.ts:69:5 › series assignment from stale page preserves newer article, reload then assigns successfully (402ms)
  ✓   91 [upgrade] › tests/e2e/upgrade-revisions.spec.ts:93:5 › review rejects stale page; commendation revision propagates to successful return (480ms)
  ✓   92 [upgrade] › tests/e2e/upgrade-revisions.spec.ts:123:7 › review UI approve with current revision succeeds, then unpublishes (398ms)
  ✓   93 [upgrade] › tests/e2e/upgrade-revisions.spec.ts:123:7 › review UI schedule with current revision succeeds (328ms)
  ✓   94 [upgrade] › tests/e2e/upgrade-revisions.spec.ts:147:5 › public bookmark on/off and comment persist through actual UI (2.8s)
  ✓   95 [upgrade] › tests/e2e/upgrade-revisions.spec.ts:171:5 › calendar drag uses displayed revision, rolls back stale move, and reschedules after reload (551ms)
  ✓   96 [upgrade] › tests/e2e/upgrade-rich-content.spec.ts:48:5 › writer paste/table/figure → repeated save/reload → editor review/edit/schedule/publish → public → replace/delete/republish (5.8s)
  ✓   97 [upgrade] › tests/e2e/upgrade-rich-content.spec.ts:278:5 › every exposed formatting control operates, including keyboard buttons and table deletion (4.6s)
  ✓   98 [upgrade] › tests/e2e/upgrade-rich-content.spec.ts:409:5 › wide tables and standard/wide/portrait figures remain contained in editor and public layouts (1.6s)
  ✓   99 [upgrade] › tests/e2e/upgrade-rich-content.spec.ts:539:5 › plain-text paste and cancelled upload preserve document and allow retry (767ms)
(node:86680) Warning: The 'NO_COLOR' env is ignored due to the 'FORCE_COLOR' env being set.
(Use `node --trace-warnings ...` to show where the warning was created)
(node:86680) Warning: The 'NO_COLOR' env is ignored due to the 'FORCE_COLOR' env being set.
(Use `node --trace-warnings ...` to show where the warning was created)
  ✓  100 [editorial] › tests/e2e/editorial-layout.spec.ts:53:7 › portal shell stays bounded with no horizontal overflow (desktop) (5.7s)
  ✓  101 [editorial] › tests/e2e/editorial-layout.spec.ts:53:7 › portal shell stays bounded with no horizontal overflow (laptop) (5.8s)
  ✓  102 [editorial] › tests/e2e/editorial-layout.spec.ts:53:7 › portal shell stays bounded with no horizontal overflow (tablet) (5.8s)
  ✓  103 [editorial] › tests/e2e/editorial-layout.spec.ts:53:7 › portal shell stays bounded with no horizontal overflow (mobile) (5.7s)
  ✓  104 [editorial] › tests/e2e/editorial-layout.spec.ts:71:5 › sidebar and sign out stay in view while the content region scrolls (1.2s)
  ✓  105 [editorial] › tests/e2e/editorial.spec.ts:23:7 › /editorial loads, shows a heading, no console errors (777ms)
  ✓  106 [editorial] › tests/e2e/editorial.spec.ts:23:7 › /editorial/articles loads, shows a heading, no console errors (831ms)
  ✓  107 [editorial] › tests/e2e/editorial.spec.ts:23:7 › /editorial/articles/new loads, shows a heading, no console errors (802ms)
  ✓  108 [editorial] › tests/e2e/editorial.spec.ts:23:7 › /editorial/series loads, shows a heading, no console errors (767ms)
  ✓  109 [editorial] › tests/e2e/editorial.spec.ts:23:7 › /editorial/scheduled loads, shows a heading, no console errors (810ms)
  ✓  110 [editorial] › tests/e2e/editorial.spec.ts:23:7 › /editorial/trash loads, shows a heading, no console errors (773ms)
  ✓  111 [editorial] › tests/e2e/editorial.spec.ts:23:7 › /editorial/review loads, shows a heading, no console errors (782ms)
  ✓  112 [editorial] › tests/e2e/editorial.spec.ts:23:7 › /editorial/debates loads, shows a heading, no console errors (819ms)
  ✓  113 [editorial] › tests/e2e/editorial.spec.ts:23:7 › /editorial/comments loads, shows a heading, no console errors (775ms)
  ✓  114 [editorial] › tests/e2e/editorial.spec.ts:23:7 › /editorial/users loads, shows a heading, no console errors (795ms)
  ✓  115 [editorial] › tests/e2e/editorial.spec.ts:23:7 › /editorial/analytics loads, shows a heading, no console errors (811ms)
  ✓  116 [editorial] › tests/e2e/editorial.spec.ts:42:5 › debates and comments pages have page-specific titles (Priority 5) (245ms)
  ✓  117 [editorial] › tests/e2e/editorial.spec.ts:52:5 › Analytics: every tab loads with no console errors, and Writers shows data (14.7s)
  ✓  118 [editorial] › tests/e2e/editorial.spec.ts:79:5 › Comment Moderation loads WITHOUT the error banner and shows real stats (2.1s)
  ✓  119 [editorial] › tests/e2e/editorial.spec.ts:101:5 › New Article editor autosaves a draft (3.6s)
  ✓  120 [editorial] › tests/e2e/editorial.spec.ts:132:5 › bookmarks are fetched ONCE per page, not once per card (Bug 7) (2.3s)
  ✓  121 [editorial] › tests/e2e/editorial.spec.ts:149:5 › comments moderation total matches the users-table comment counts (Priority 4) (2.5s)
(node:86805) Warning: The 'NO_COLOR' env is ignored due to the 'FORCE_COLOR' env being set.
(Use `node --trace-warnings ...` to show where the warning was created)
(node:86805) Warning: The 'NO_COLOR' env is ignored due to the 'FORCE_COLOR' env being set.
(Use `node --trace-warnings ...` to show where the warning was created)
  ✓  122 [editor] › tests/e2e/editor-scope.spec.ts:41:7 › an editor with no category assignments › can save a categorised article (98ms)
  ✓  123 [editor] › tests/e2e/editor-scope.spec.ts:56:7 › an editor scoped to Opinion › can save an article inside their category (10ms)
  ✓  124 [editor] › tests/e2e/editor-scope.spec.ts:64:7 › an editor scoped to Opinion › is refused, with a specific reason, outside their category (12ms)
(node:86807) Warning: The 'NO_COLOR' env is ignored due to the 'FORCE_COLOR' env being set.
(Use `node --trace-warnings ...` to show where the warning was created)
(node:86807) Warning: The 'NO_COLOR' env is ignored due to the 'FORCE_COLOR' env being set.
(Use `node --trace-warnings ...` to show where the warning was created)
  ✓  125 [lifecycle] › tests/e2e/publication-cache.spec.ts:6:5 › warm category list follows create, edit, unpublish, republish, trash and restore (788ms)
  ✓  126 [lifecycle] › tests/e2e/publication-lifecycle.spec.ts:28:7 › full article lifecycle › draft → submit → return → edit/resubmit → publish → public → unpublish → gone (256ms)
  ✓  127 [lifecycle] › tests/e2e/publication-lifecycle.spec.ts:100:7 › full article lifecycle › editor can schedule a reviewed article for a future publish time (16ms)
  ✓  128 [lifecycle] › tests/e2e/publication-lifecycle.spec.ts:132:7 › full article lifecycle › an illegal review transition is rejected with a structured 409 (13ms)
  ✓  129 [lifecycle] › tests/e2e/publication-lifecycle.spec.ts:160:7 › full article lifecycle › inline article comments can be created and read back (article_comments table) (16ms)

  129 passed (4.5m)
